[2025-12-17 16:40:33] Successful login for user: hamuba@gmail.com
[2025-12-17 19:23:42] Successful login for user: hamuba@gmail.com
[2025-12-17 20:45:45] Successful login for user: hamuba@gmail.com
[2025-12-17 21:02:51] Successful login for user: hamuba@gmail.com
[2025-12-18 19:47:54] Successful login for user: test@example.com
[2025-12-18 20:57:12] Successful login for user: test@example.com
[2025-12-18 20:58:53] Successful login for user: test2@example.com
[2025-12-18 21:01:08] Successful login for user: test2@example.com
[2025-12-18 21:08:23] Successful login for user: test2@example.com
[2025-12-18 21:13:14] Successful login for user: test@example.com
[2025-12-19 07:18:59] Successful login for user: test@example.com
[2025-12-19 07:29:44] Successful login for user: test@example.com
[2025-12-19 07:34:52] Successful login for user: admin@local.com
[2025-12-19 07:44:20] Successful login for user: admin@local.com
[2025-12-19 07:45:36] Successful login for user: admin2@local.com
[2025-12-20 10:09:27] Successful login for user: admin2@local.com
[2025-12-20 10:13:13] Successful login for user: admin2@local.com
[2025-12-21 17:07:53] Successful login for user: user@example.com
[2025-12-21 17:12:22] Successful login for user: user@example.com
[2025-12-21 17:27:05] Successful login for user: user@example.com
[2025-12-21 17:29:03] Successful login for user: user@example.com
[2025-12-21 17:36:08] Successful login for user: user@example.com
[2025-12-21 17:39:06] Successful login for user: userhaile@example.com
[2025-12-22 18:53:36] Failed login attempt for user hailea536@gmial.com: Invalid password
[2025-12-22 18:54:59] Failed login attempt for user hailea536@gmial.com: Invalid password
[2025-12-22 18:56:21] Failed login attempt for user hailea536@gmial.com: Invalid password
[2025-12-22 19:00:25] Login attempt with non-existent email: userhaile@example.com
[2025-12-22 19:00:33] Login attempt with non-existent email: userhaile@example.com
[2025-12-22 19:01:46] Failed login attempt for user hailea536@gmial.com: Invalid password
[2025-12-22 19:01:49] Failed login attempt for user hailea536@gmial.com: Invalid password
[2025-12-22 19:01:50] Failed login attempt for user hailea536@gmial.com: Invalid password
[2025-12-22 20:37:39] Successful login for user: kalab@gmail.com
[2025-12-22 20:49:21] Successful login for user: habbib@gmail.com
[2025-12-22 20:52:00] Successful login for user: userhaile@example.com
